UP035 `typing.List` is deprecated, use `list` instead
 --> remail/database/models.py:3:1
  |
1 | from datetime import datetime
2 | from enum import Enum, auto
3 | from typing import List, Optional
  | ^^^^^^^^^^^^^^^^^^^^^^^^^^^^^^^^^
4 |
5 | import sqlalchemy
  |

F401 [*] `sqlalchemy.Column` imported but unused
 --> remail/database/models.py:6:24
  |
5 | import sqlalchemy
6 | from sqlalchemy import Column, Integer, String
  |                        ^^^^^^
7 | from sqlalchemy.ext.declarative import declarative_base
8 | from sqlmodel import Field, Relationship, SQLModel
  |
help: Remove unused import

F401 [*] `sqlalchemy.Integer` imported but unused
 --> remail/database/models.py:6:32
  |
5 | import sqlalchemy
6 | from sqlalchemy import Column, Integer, String
  |                                ^^^^^^^
7 | from sqlalchemy.ext.declarative import declarative_base
8 | from sqlmodel import Field, Relationship, SQLModel
  |
help: Remove unused import

F401 [*] `sqlalchemy.String` imported but unused
 --> remail/database/models.py:6:41
  |
5 | import sqlalchemy
6 | from sqlalchemy import Column, Integer, String
  |                                         ^^^^^^
7 | from sqlalchemy.ext.declarative import declarative_base
8 | from sqlmodel import Field, Relationship, SQLModel
  |
help: Remove unused import

F401 [*] `sqlalchemy.ext.declarative.declarative_base` imported but unused
 --> remail/database/models.py:7:40
  |
5 | import sqlalchemy
6 | from sqlalchemy import Column, Integer, String
7 | from sqlalchemy.ext.declarative import declarative_base
  |                                        ^^^^^^^^^^^^^^^^
8 | from sqlmodel import Field, Relationship, SQLModel
  |
help: Remove unused import: `sqlalchemy.ext.declarative.declarative_base`

UP045 [*] Use `X | None` for type annotations
  --> remail/database/models.py:22:9
   |
21 | class Contact(SQLModel, table=True):
22 |     id: Optional[int] = id_field("contact")
   |         ^^^^^^^^^^^^^
23 |     email_address: str
24 |     name: Optional[str] = None
   |
help: Convert to `X | None`

UP045 [*] Use `X | None` for type annotations
  --> remail/database/models.py:24:11
   |
22 |     id: Optional[int] = id_field("contact")
23 |     email_address: str
24 |     name: Optional[str] = None
   |           ^^^^^^^^^^^^^
25 |     receptions: List["EmailReception"] = Relationship(back_populates="contact")
26 |     sent_emails: List["Email"] = Relationship(back_populates="sender")
   |
help: Convert to `X | None`

UP006 [*] Use `list` instead of `List` for type annotation
  --> remail/database/models.py:25:17
   |
23 |     email_address: str
24 |     name: Optional[str] = None
25 |     receptions: List["EmailReception"] = Relationship(back_populates="contact")
   |                 ^^^^
26 |     sent_emails: List["Email"] = Relationship(back_populates="sender")
   |
help: Replace with `list`

UP006 [*] Use `list` instead of `List` for type annotation
  --> remail/database/models.py:26:18
   |
24 |     name: Optional[str] = None
25 |     receptions: List["EmailReception"] = Relationship(back_populates="contact")
26 |     sent_emails: List["Email"] = Relationship(back_populates="sender")
   |                  ^^^^
   |
help: Replace with `list`

UP045 [*] Use `X | None` for type annotations
  --> remail/database/models.py:44:9
   |
43 | class Attachment(SQLModel, table=True):
44 |     id: Optional[int] = id_field("attachment")
   |         ^^^^^^^^^^^^^
45 |     filename: str
46 |     email_id: int = Field(default=None, foreign_key="email.id")
   |
help: Convert to `X | None`

UP045 [*] Use `X | None` for type annotations
  --> remail/database/models.py:51:9
   |
50 | class Email(SQLModel, table=True):
51 |     id: Optional[int] = id_field("email")
   |         ^^^^^^^^^^^^^
52 |     message_id: str
53 |     sender_id: int = Field(foreign_key="contact.id")
   |
help: Convert to `X | None`

UP045 [*] Use `X | None` for type annotations
  --> remail/database/models.py:57:18
   |
55 |     subject: str
56 |     body: str
57 |     attachments: Optional[List[Attachment]] = Relationship(back_populates="email")
   |                  ^^^^^^^^^^^^^^^^^^^^^^^^^^
58 |     recipients: List[EmailReception] = Relationship(back_populates="email")
59 |     date: datetime
   |
help: Convert to `X | None`

UP006 [*] Use `list` instead of `List` for type annotation
  --> remail/database/models.py:57:27
   |
55 |     subject: str
56 |     body: str
57 |     attachments: Optional[List[Attachment]] = Relationship(back_populates="email")
   |                           ^^^^
58 |     recipients: List[EmailReception] = Relationship(back_populates="email")
59 |     date: datetime
   |
help: Replace with `list`

UP006 [*] Use `list` instead of `List` for type annotation
  --> remail/database/models.py:58:17
   |
56 |     body: str
57 |     attachments: Optional[List[Attachment]] = Relationship(back_populates="email")
58 |     recipients: List[EmailReception] = Relationship(back_populates="email")
   |                 ^^^^
59 |     date: datetime
60 |     urgency: Optional[int]
   |
help: Replace with `list`

UP045 [*] Use `X | None` for type annotations
  --> remail/database/models.py:60:14
   |
58 |     recipients: List[EmailReception] = Relationship(back_populates="email")
59 |     date: datetime
60 |     urgency: Optional[int]
   |              ^^^^^^^^^^^^^
   |
help: Convert to `X | None`

UP045 [*] Use `X | None` for type annotations
  --> remail/database/models.py:69:9
   |
68 | class User(SQLModel, table=True):
69 |     id: Optional[int] = id_field("user")
   |         ^^^^^^^^^^^^^
70 |     name: str
71 |     email: str
   |
help: Convert to `X | None`

UP045 [*] Use `X | None` for type annotations
  --> remail/database/models.py:75:19
   |
73 |     extra_information: str
74 |     """if Exchange: extra_information = username else: extra_information = host"""
75 |     last_refresh: Optional[datetime] = None
   |                   ^^^^^^^^^^^^^^^^^^
   |
help: Convert to `X | None`

F401 [*] `tempfile` imported but unused
 --> remail/email_api/service.py:4:8
  |
2 | import mimetypes
3 | import os
4 | import tempfile
  |        ^^^^^^^^
5 | from abc import ABC, abstractmethod
6 | from datetime import datetime
  |
help: Remove unused import: `tempfile`

B904 Within an `except` clause, raise exceptions with `raise ... from err` or `raise ... from None` to distinguish them from errors in exception handling
  --> remail/email_api/service.py:76:17
   |
74 |         except ValueError as e:
75 |             if "is not an email address" in str(e):
76 |                 raise ee.InvalidLoginData()
   |                 ^^^^^^^^^^^^^^^^^^^^^^^^^^^
77 |             else:
78 |                 raise ee.UnknownError(f"An unexpected error occurred: {str(e)}") from e
   |

B904 Within an `except` clause, raise exceptions with `raise ... from err` or `raise ... from None` to distinguish them from errors in exception handling
  --> remail/email_api/service.py:80:13
   |
78 |                 raise ee.UnknownError(f"An unexpected error occurred: {str(e)}") from e
79 |         except INVALIDLOGINDATA:
80 |             raise ee.InvalidLoginData()
   |             ^^^^^^^^^^^^^^^^^^^^^^^^^^^
81 |         except CONNECTIONFAIL:
82 |             raise ee.ServerConnectionFail()
   |

B904 Within an `except` clause, raise exceptions with `raise ... from err` or `raise ... from None` to distinguish them from errors in exception handling
  --> remail/email_api/service.py:82:13
   |
80 |             raise ee.InvalidLoginData()
81 |         except CONNECTIONFAIL:
82 |             raise ee.ServerConnectionFail()
   |             ^^^^^^^^^^^^^^^^^^^^^^^^^^^^^^^
83 |         except SMTPDataError:
84 |             raise ee.SMTPDataFalse()
   |

B904 Within an `except` clause, raise exceptions with `raise ... from err` or `raise ... from None` to distinguish them from errors in exception handling
  --> remail/email_api/service.py:84:13
   |
82 |             raise ee.ServerConnectionFail()
83 |         except SMTPDataError:
84 |             raise ee.SMTPDataFalse()
   |             ^^^^^^^^^^^^^^^^^^^^^^^^
85 |         except RECIPIENTSFAIL:
86 |             raise ee.RecipientsFail()
   |

B904 Within an `except` clause, raise exceptions with `raise ... from err` or `raise ... from None` to distinguish them from errors in exception handling
  --> remail/email_api/service.py:86:13
   |
84 |             raise ee.SMTPDataFalse()
85 |         except RECIPIENTSFAIL:
86 |             raise ee.RecipientsFail()
   |             ^^^^^^^^^^^^^^^^^^^^^^^^^
87 |         except Exception as e:
88 |             raise ee.UnknownError(f"An unexpected error occurred: {str(e)}") from e
   |

F821 Undefined name `EmailController`
   --> remail/email_api/service.py:149:22
    |
147 |         password: str,
148 |         host: str,
149 |         controller: "EmailController",  # type: ignore
    |                      ^^^^^^^^^^^^^^^
150 |     ):
151 |         self.user_username = email
    |

F821 Undefined name `EmailController`
   --> remail/email_api/service.py:441:22
    |
439 |         password: str,
440 |         username: str,
441 |         controller: "EmailController",  # type: ignore
    |                      ^^^^^^^^^^^^^^^
442 |     ):
443 |         self.cred = None
    |

F821 Undefined name `EmailController`
   --> remail/email_api/service.py:624:18
    |
622 |     bcc_recipients: list[str],
623 |     date: datetime,
624 |     controller: "EmailController",  # type: ignore
    |                  ^^^^^^^^^^^^^^^
625 |     html_files: list[str] = None,
626 | ) -> Email:
    |

F401 [*] `email.utils.format_datetime` imported but unused
 --> remail/email_api/test_email_api.py:4:25
  |
2 | from datetime import datetime
3 | from email.message import EmailMessage
4 | from email.utils import format_datetime
  |                         ^^^^^^^^^^^^^^^
5 |
6 | from exchangelib import EWSDateTime, Mailbox, Message
  |
help: Remove unused import: `email.utils.format_datetime`

F401 [*] `remail.database.models.Contact` imported but unused
  --> remail/email_api/test_email_api.py:11:36
   |
 9 | import remail.email_api.credentials_helper as ch
10 | from remail.controller import controller
11 | from remail.database.models import Contact, Email, EmailReception, RecipientKind
   |                                    ^^^^^^^
12 | from remail.email_api.service import ExchangeProtocol, ImapProtocol
   |
help: Remove unused import

F401 [*] `remail.database.models.Email` imported but unused
  --> remail/email_api/test_email_api.py:11:45
   |
 9 | import remail.email_api.credentials_helper as ch
10 | from remail.controller import controller
11 | from remail.database.models import Contact, Email, EmailReception, RecipientKind
   |                                             ^^^^^
12 | from remail.email_api.service import ExchangeProtocol, ImapProtocol
   |
help: Remove unused import

F401 [*] `remail.database.models.EmailReception` imported but unused
  --> remail/email_api/test_email_api.py:11:52
   |
 9 | import remail.email_api.credentials_helper as ch
10 | from remail.controller import controller
11 | from remail.database.models import Contact, Email, EmailReception, RecipientKind
   |                                                    ^^^^^^^^^^^^^^
12 | from remail.email_api.service import ExchangeProtocol, ImapProtocol
   |
help: Remove unused import

F401 [*] `remail.database.models.RecipientKind` imported but unused
  --> remail/email_api/test_email_api.py:11:68
   |
 9 | import remail.email_api.credentials_helper as ch
10 | from remail.controller import controller
11 | from remail.database.models import Contact, Email, EmailReception, RecipientKind
   |                                                                    ^^^^^^^^^^^^^
12 | from remail.email_api.service import ExchangeProtocol, ImapProtocol
   |
help: Remove unused import

E402 Module level import not at top of file
  --> remail/frontend/home.py:14:1
   |
13 | # Import the RAG_Backend module using the full package path
14 | from llm import RAG_Backend as rag
   | ^^^^^^^^^^^^^^^^^^^^^^^^^^^^^^^^^^
15 |
16 | llm = rag.LLM()
   |

W293 Blank line contains whitespace
   --> remail/frontend/home.py:241:1
    |
239 |                             {sender_display}:
240 |                         </span>
241 |                         
    | ^^^^^^^^^^^^^^^^^^^^^^^^
242 |                     </div>
243 |                 """,
    |
help: Remove whitespace from blank line

F841 [*] Local variable `e` is assigned to but never used
   --> remail/frontend/home.py:326:33
    |
324 |                 st.write(response)
325 |                 st.session_state.messages.append({"role": "assistant", "content": response})
326 |             except Exception as e:
    |                                 ^
327 |                 error_message = "I apologize, but I'm having trouble processing your request right now. Please try again later."
328 |                 st.error(error_message)
    |
help: Remove assignment to unused variable `e`

E402 Module level import not at top of file
  --> remail/llm/RAG_Backend.py:13:1
   |
13 | from pathlib import Path
   | ^^^^^^^^^^^^^^^^^^^^^^^^
14 |
15 | import controller
   |

E402 Module level import not at top of file
  --> remail/llm/RAG_Backend.py:15:1
   |
13 | from pathlib import Path
14 |
15 | import controller
   | ^^^^^^^^^^^^^^^^^
16 | import requests
17 | from llama_cpp import Llama
   |

E402 Module level import not at top of file
  --> remail/llm/RAG_Backend.py:16:1
   |
15 | import controller
16 | import requests
   | ^^^^^^^^^^^^^^^
17 | from llama_cpp import Llama
18 | from llama_index.core import Settings, SimpleDirectoryReader, StorageContext, VectorStoreIndex
   |

E402 Module level import not at top of file
  --> remail/llm/RAG_Backend.py:17:1
   |
15 | import controller
16 | import requests
17 | from llama_cpp import Llama
   | ^^^^^^^^^^^^^^^^^^^^^^^^^^^
18 | from llama_index.core import Settings, SimpleDirectoryReader, StorageContext, VectorStoreIndex
19 | from llama_index.core.evaluation import RelevancyEvaluator
   |

E402 Module level import not at top of file
  --> remail/llm/RAG_Backend.py:18:1
   |
16 | import requests
17 | from llama_cpp import Llama
18 | from llama_index.core import Settings, SimpleDirectoryReader, StorageContext, VectorStoreIndex
   | ^^^^^^^^^^^^^^^^^^^^^^^^^^^^^^^^^^^^^^^^^^^^^^^^^^^^^^^^^^^^^^^^^^^^^^^^^^^^^^^^^^^^^^^^^^^^^^
19 | from llama_index.core.evaluation import RelevancyEvaluator
20 | from llama_index.core.query_engine import RetrySourceQueryEngine
   |

F401 [*] `llama_index.core.SimpleDirectoryReader` imported but unused
  --> remail/llm/RAG_Backend.py:18:40
   |
16 | import requests
17 | from llama_cpp import Llama
18 | from llama_index.core import Settings, SimpleDirectoryReader, StorageContext, VectorStoreIndex
   |                                        ^^^^^^^^^^^^^^^^^^^^^
19 | from llama_index.core.evaluation import RelevancyEvaluator
20 | from llama_index.core.query_engine import RetrySourceQueryEngine
   |
help: Remove unused import: `llama_index.core.SimpleDirectoryReader`

E402 Module level import not at top of file
  --> remail/llm/RAG_Backend.py:19:1
   |
17 | from llama_cpp import Llama
18 | from llama_index.core import Settings, SimpleDirectoryReader, StorageContext, VectorStoreIndex
19 | from llama_index.core.evaluation import RelevancyEvaluator
   | ^^^^^^^^^^^^^^^^^^^^^^^^^^^^^^^^^^^^^^^^^^^^^^^^^^^^^^^^^^
20 | from llama_index.core.query_engine import RetrySourceQueryEngine
21 | from llama_index.core.schema import Document
   |

E402 Module level import not at top of file
  --> remail/llm/RAG_Backend.py:20:1
   |
18 | from llama_index.core import Settings, SimpleDirectoryReader, StorageContext, VectorStoreIndex
19 | from llama_index.core.evaluation import RelevancyEvaluator
20 | from llama_index.core.query_engine import RetrySourceQueryEngine
   | ^^^^^^^^^^^^^^^^^^^^^^^^^^^^^^^^^^^^^^^^^^^^^^^^^^^^^^^^^^^^^^^^
21 | from llama_index.core.schema import Document
22 | from llama_index.embeddings.huggingface import HuggingFaceEmbedding
   |

E402 Module level import not at top of file
  --> remail/llm/RAG_Backend.py:21:1
   |
19 | from llama_index.core.evaluation import RelevancyEvaluator
20 | from llama_index.core.query_engine import RetrySourceQueryEngine
21 | from llama_index.core.schema import Document
   | ^^^^^^^^^^^^^^^^^^^^^^^^^^^^^^^^^^^^^^^^^^^^
22 | from llama_index.embeddings.huggingface import HuggingFaceEmbedding
23 | from llama_index.vector_stores.chroma import ChromaVectorStore
   |

E402 Module level import not at top of file
  --> remail/llm/RAG_Backend.py:22:1
   |
20 | from llama_index.core.query_engine import RetrySourceQueryEngine
21 | from llama_index.core.schema import Document
22 | from llama_index.embeddings.huggingface import HuggingFaceEmbedding
   | ^^^^^^^^^^^^^^^^^^^^^^^^^^^^^^^^^^^^^^^^^^^^^^^^^^^^^^^^^^^^^^^^^^^
23 | from llama_index.vector_stores.chroma import ChromaVectorStore
   |

E402 Module level import not at top of file
  --> remail/llm/RAG_Backend.py:23:1
   |
21 | from llama_index.core.schema import Document
22 | from llama_index.embeddings.huggingface import HuggingFaceEmbedding
23 | from llama_index.vector_stores.chroma import ChromaVectorStore
   | ^^^^^^^^^^^^^^^^^^^^^^^^^^^^^^^^^^^^^^^^^^^^^^^^^^^^^^^^^^^^^^
   |

UP004 [*] Class `LLM` inherits from `object`
  --> remail/llm/RAG_Backend.py:26:11
   |
26 | class LLM(object):
   |           ^^^^^^
27 |     # for installing the model can be changed to any model later
28 |     TARGET_DIR = "./remail/llm/models"
   |
help: Remove `object` inheritance

UP015 [*] Unnecessary mode argument
  --> remail/llm/RAG_Backend.py:78:44
   |
76 |             # Read the previous hash if it exists
77 |             if Path(self._hash_file).exists():
78 |                 with open(self._hash_file, "r") as f:
   |                                            ^^^
79 |                     previous_hash = f.read().strip()
80 |             # check differences
   |
help: Remove mode argument

E402 Module level import not at top of file
  --> remail/llm/testing.py:9:1
   |
 8 | # import RAG_Backend
 9 | import controller
   | ^^^^^^^^^^^^^^^^^
10 |
11 | emails = controller.controller.get_emails()
   |

Found 48 errors.
[*] 26 fixable with the `--fix` option (1 hidden fix can be enabled with the `--unsafe-fixes` option).
